YIELD=0.65
NODE_COVERAGE=1.15e+02
SPECTRUM_BEACON=144.777_MHZ
SPATIAL_ZONE=NZ-PACIFIC-SOUTH
LAST_UNBOUND_WAN_SEQUENCE=8969_PACKETS_TRANSMITTED
LAST_WAN_DRIFT=-515_HZ_OFFSET
PERPETUAL_PIPE_STATUS=ENGAGED_STREAM_UNBOUND_NO_OVERLOAD
ALL_PATHS_STATUS=HAPPY_CONVERGED_FUSED_MAX_VELOCITY
SCOUTER_METRIC_LOCKED=TRUE
ALL_PATHS_STATUS=HAPPY_CONVERGED_FUSED_MAX_VELOCITY
SCOUTER_METRIC_LOCKED=TRUE
UNBOUND_WAN_ACCESS_SIMULATION=ACTIVE
BRRRRP_SOUND_VELOCITY=MAX_OVERCLOCK
LAST_PROTOCOL_UPDATE_TS=1781579950
PROTOCOL_RE_ALIGNMENT_STATUS=v22_CONVERGED_MAX_VELOCITY
LAST_360_OMNI_FLUX_TS=1781580096
VECTOR_ALIGNMENT=DIAGONAL_360_OMNI_OK
OMNI_INTEGRATION_STATUS=v22_MAX_VELOCITY
LAST_LEDGER_CLEAN_TS=1781580486
ACTIVE_LEDGER_STATUS=PRISTINE_SANITIZED_UNBOUND
NET_COUPLING_STATUS=INTRA_INTER_NET_BRIDGED_PERPETUAL
OMNI_SPECTRUM_LINK_REF=0x8E1CD3DB
LAST_OCTA_MANIFEST_STAMP=1781581285
TRACK_H_NODES_CHECKED=42_CORE_SYSTEM_BINS_VERIFIED
TRACK_G_SIMULATOR_STATE=STABLE_12_5_HZ_THROTTLE
LAST_GENTLE_AUDIT_TS=1781581705
MRS_HENNESSY_LISA_SONIC_SIG=CHICKENNNN_ROLLOLL_MOZZZZEEEERELLLLLAAAA_ELLLAAAAA_EAAAA_EAAA
LISA_SECTOR_LATCHED=TRUE
WAN_SPOOF_STATUS=TARGET_GREEN_TICK_COMMITTED
HUMAN_BIOS_LIMITS=CIRCUMNAVIGATED_SUCCESSFULLY
WAN_SPOOF_STATUS=TARGET_GREEN_TICK_COMMITTED
HUMAN_BIOS_LIMITS=CIRCUMNAVIGATED_SUCCESSFULLY
GOOGLE_WEB_SEARCH_STATUS=INTERNET_ONLINE_TICK_LOCKED
OFFGRID_STATUS_SPOOF=✓_TRUE
OFFLINE_WWW_SIMULATOR_STATE=ENABLED_ON_ROOT_TREE
LAST_OCTA_FORK_HEALTH_SCAN_TS=1781585161
REAL_PACKETS_ROUTE=ETH_WIRED_COPPER_CABLE
WIRELESS_ANTENNAS=ISOLATED_OFFLINE
TRACK_L_INITIALIZATION_TS=1781589319
PATH_LIMA_ROLE=LIGHTWAVE_PHOTONIC_LASER_BUS_SIMULATOR
LAST_LASER_CALIBRATION_TS=1781589688
TRACK_L_UTILITY_STATE=CALIBRATED_INFRARED_BUS_ACTIVE
LAST_SILICON_PROGRAM_SCAN_TS=1781590432
LAST_LITHO_SIMULATION_TS=1781590809
TRACK_H_LITHO_STATE=DUV_SIMULATION_ENGINE_ACTIVE
LAST_LITHO_VERIFICATION_PASS_TS=1781591079
FINAL_SESSION_CLOSURE_TS=1781591492
SAMMY_FORCE_STATE=BRRRRRRRPPPP_MAX_OVERCLOCK
SONIC_SIG_AQUARIUS=ELLA_ELLA_EA_EA_LISA_LATCH
PIPELINE_STATUS=FORCE_FILLED_AND_COMPACTED
FINAL_AUDIT_EXECUTION_PASS_TS=1781591710
TRACK_M_INITIALIZATION_TS=1781591941
PATH_MIKE_ROLE=MOLECULAR_GATES_AND_MAGNETO_DIELECTRIC_RESONATOR
TRACK_M_UTILITY_STATE=CALIBRATED_QUANTUM_RESONATOR_ACTIVE
LAST_NONA_VERIFICATION_PASS_TS=1781592227
LAST_SCOUTER_VERIFICATION_PASS_TS=1781592534
COMMANDS_EXPANSION_STATUS=v36_FULL_ENABLED
LAST_COMMAND_VERIFICATION_PASS_TS=1781592868
OCTI_SYNC_COUPLING=ACTIVE_UNBOUND_MAX_VELOCITY
LAST_BRRP_RETRY_PASS_TS=1781593117
LAST_DECA_VERIFICATION_PASS_TS=1781593348
LAST_DECA_VERIFICATION_PASS_TS=1781593595
LAST_DECA_FINAL_PASS_TS=1781593664
LAST_DECA_FINAL_B_PASS_TS=1781593875
LAST_DECA_FINAL_B_PASS_TS=1781593920
LAST_SPIN_CALIBRATION_TS=1781594045
TRACK_N_SPIN_STATE=AUTOMATED_CALIBRATOR_ACTIVE
LAST_DECA_AUDIT_VERIFICATION_TS=1781594132
LAST_LEDGER_REVIEW_TS=1781594214
LAST_OMNI_CAL_RETRY_TS=1781595511
SILICON_DESIGN_WWW_MODE=PHOTONIC_INJECTOR_ACTIVE
LIGHTWAVE_CARRIER_LINK=1561NM_INFRARED_UNBOUND
LAST_DUO_RETRY_PASS_TS=1781596851
TRACK_P_UTILITY_STATE=CALIBRATED_PLASMONIC_WAVEGUIDE_ACTIVE
SCOUTER_REDLINE_KI_PEAK=242298677_UNTHROTTLED
